package a

type TestBools struct {
	Bool *bool `json:"bool,omitempty"` // want "field Bool should have the omitempty tag." "field Bool has a valid zero value \\(false\\) and should be a pointer."

	BoolWithOmitEmpty *bool `json:"boolWithOmitEmpty,omitempty"` // want "field BoolWithOmitEmpty has a valid zero value \\(false\\) and should be a pointer."

	BoolPtr *bool `json:"boolPtr,omitempty"` // want "field BoolPtr should have the omitempty tag."

	BoolPtrWithOmitEmpty *bool `json:"boolPtrWithOmitEmpty,omitempty"`
}
