package a

// Valid cases - arrays of structs with at least one required field

type ValidStruct struct {
	Items []ValidItem
}

type ValidItem struct {
	// +required
	Name string

	// +optional
	Description string
}

type ValidStructWithKubebuilderRequired struct {
	Items []ValidItemKubebuilder
}

type ValidItemKubebuilder struct {
	// +kubebuilder:validation:Required
	Name string

	// +optional
	Description string
}

type ValidStructWithK8sRequired struct {
	Items []ValidItemK8s
}

type ValidItemK8s struct {
	// +k8s:required
	Name string

	// +optional
	Description string
}

type ValidStructWithPointer struct {
	Items []*ValidPointerItem
}

type ValidPointerItem struct {
	// +required
	ID string
}

// Valid cases - arrays of primitives (not checked by this linter)

type ValidPrimitiveArray struct {
	Strings []string
	Ints    []int
}

// Invalid cases - arrays of structs without any required fields

type InvalidStruct struct {
	Items []InvalidItem // want "field Items in struct InvalidStruct is an array of structs, but the struct has no required fields"
}

type InvalidItem struct {
	// +required
	Name string

	// +optional
	Description string
}

type InvalidStructWithPointer struct {
	Items []*InvalidPointerItem // want "field Items in struct InvalidStructWithPointer is an array of structs, but the struct has no required fields"
}

type InvalidPointerItem struct {
	// +required
	ID string
}

type InvalidStructWithInlineStruct struct {
	// Inline struct definitions should also be checked
	Items []struct { // want "field Items in struct InvalidStructWithInlineStruct is an array of structs, but the struct has no required fields"
		// +required
		Name string
	}
}

// Invalid case - struct with no markers at all

type InvalidStructNoMarkers struct {
	Items []InvalidItemNoMarkers // want "field Items in struct InvalidStructNoMarkers is an array of structs, but the struct has no required fields"
}

type InvalidItemNoMarkers struct {
	// +required
	Name        string
	Description string
}

// Valid case - array of structs where all fields are required

type ValidAllRequired struct {
	Items []AllRequiredItem
}

type AllRequiredItem struct {
	// +required
	Name string

	// +required
	Description string
}

// Test with type alias

type ItemAlias = InvalidItem

type InvalidStructWithAlias struct {
	Items []ItemAlias // want "field Items in struct InvalidStructWithAlias is an array of structs, but the struct has no required fields"
}

// Valid case with multiple array fields

type ValidMultipleArrays struct {
	ValidItems   []ValidItem
	InvalidItems []InvalidItem // want "field InvalidItems in struct ValidMultipleArrays is an array of structs, but the struct has no required fields"
}
