package a

type A struct {
	// +required
	WithRequired WithRequiredField `json:"withRequired"` // want "field A.WithRequired is a non-pointer struct with required fields. It must be marked as required."
	// +optional
	WithOptional WithOptionalField `json:"withOptional"` // want "field A.WithOptional is a non-pointer struct with no required fields. It must be marked as optional."
	// +required
	WithRequiredAndOptional WithRequiredAndOptionalField `json:"withRequiredAndOptional"` // want "field A.WithRequiredAndOptional is a non-pointer struct with required fields. It must be marked as required."
	// +required
	WithOptionalAndMinProperties WithOptionalFieldsAndMinProperties `json:"withOptionalAndMinProperties"` // want "field A.WithOptionalAndMinProperties is a non-pointer struct with required fields. It must be marked as required."

	// No diagnostic with correct markers

	// +required
	WithRequiredFieldCorrect WithRequiredField `json:"withRequiredFieldCorrect"`

	// +optional
	WithOptionalFieldCorrect WithOptionalField `json:"withOptionalFieldCorrect"`

	// +kubebuilder:validation:Required
	WithRequiredAndOptionalFieldCorrect WithRequiredAndOptionalField `json:"withRequiredAndOptionalFieldCorrect"`

	// +k8s:required
	WithOptionalFieldsAndMinPropertiesCorrect WithOptionalFieldsAndMinProperties `json:"withOptionalFieldsAndMinPropertiesCorrect"`

	// +k8s:required
	WithDVUnionCorrectK8sRequired WithDVUnion `json:"withDVUnionCorrectK8sRequired"`

	// +k8s:required
	WithDVDiscriminatedUnionCorrectK8sRequired WithDVDiscriminatedUnion `json:"withDVDiscriminatedUnionCorrectK8sRequired"`

	// Diagnostic with incorrect markers

	// +required
	WithRequiredFieldIncorrect WithRequiredField `json:"withRequiredFieldIncorrect"` // want "field A.WithRequiredFieldIncorrect is a non-pointer struct with required fields. It must be marked as required."

	// +optional
	WithOptionalFieldIncorrect WithOptionalField `json:"withOptionalFieldIncorrect"` // want "field A.WithOptionalFieldIncorrect is a non-pointer struct with no required fields. It must be marked as optional."

	// +required
	WithRequiredAndOptionalFieldIncorrect WithRequiredAndOptionalField `json:"withRequiredAndOptionalFieldIncorrect"` // want "field A.WithRequiredAndOptionalFieldIncorrect is a non-pointer struct with required fields. It must be marked as required."

	// +required
	WithOptionalFieldsAndMinPropertiesIncorrect WithOptionalFieldsAndMinProperties `json:"withOptionalFieldsAndMinPropertiesIncorrect"` // want "field A.WithOptionalFieldsAndMinPropertiesIncorrect is a non-pointer struct with required fields. It must be marked as required."

	// +k8s:required on non-pointer structs: warns when the struct has no presence-enforcing validation.
	// +optional
	WithOptionalFieldK8sRequiredNoValidation WithOptionalField `json:"withOptionalFieldK8sRequiredNoValidation"` // want "field A.WithOptionalFieldK8sRequiredNoValidation is marked as .k8s:required but the struct has a valid zero value.*"

	// +optional
	WithOptionalFieldEmbeddedK8sRequiredNoValidation WithOptionalFieldEmbedded `json:"withOptionalFieldEmbeddedK8sRequiredNoValidation"` // want "field A.WithOptionalFieldEmbeddedK8sRequiredNoValidation is marked as .k8s:required but the struct has a valid zero value.*"

	// Unions enforce "at least one set" semantics, so the zero value is invalid
	// and the containing non-pointer field must be marked as required.

	// Diagnostic when no marker is set on a union-bearing non-pointer struct field.

	// +required
	WithKubebuilderExactlyOneOfUnion WithKubebuilderExactlyOneOfUnion `json:"withKubebuilderExactlyOneOfUnion"` // want "field A.WithKubebuilderExactlyOneOfUnion is a non-pointer struct with required fields. It must be marked as required."

	// +required
	WithKubebuilderAtLeastOneOfUnion WithKubebuilderAtLeastOneOfUnion `json:"withKubebuilderAtLeastOneOfUnion"` // want "field A.WithKubebuilderAtLeastOneOfUnion is a non-pointer struct with required fields. It must be marked as required."

	// +required
	WithDVUnion WithDVUnion `json:"withDVUnion"` // want "field A.WithDVUnion is a non-pointer struct with required fields. It must be marked as required."

	// +required
	WithDVDiscriminatedUnion WithDVDiscriminatedUnion `json:"withDVDiscriminatedUnion"` // want "field A.WithDVDiscriminatedUnion is a non-pointer struct with required fields. It must be marked as required."

	// No diagnostic when correctly marked as required.

	// +required
	WithKubebuilderExactlyOneOfUnionCorrect WithKubebuilderExactlyOneOfUnion `json:"withKubebuilderExactlyOneOfUnionCorrect"`

	// +required
	WithKubebuilderAtLeastOneOfUnionCorrect WithKubebuilderAtLeastOneOfUnion `json:"withKubebuilderAtLeastOneOfUnionCorrect"`

	// +required
	WithDVUnionCorrect WithDVUnion `json:"withDVUnionCorrect"`

	// +required
	WithDVDiscriminatedUnionCorrect WithDVDiscriminatedUnion `json:"withDVDiscriminatedUnionCorrect"`

	// Pointers are ignored in this linter.
	WithRequiredFieldAndPointer                  *WithRequiredField                  `json:"withRequiredFieldAndPointer"`
	WithOptionalFieldAndPointer                  *WithOptionalField                  `json:"withOptionalFieldAndPointer"`
	WithRequiredAndOptionalFieldAndPointer       *WithRequiredAndOptionalField       `json:"withRequiredAndOptionalFieldAndPointer"`
	WithOptionalFieldsAndMinPropertiesAndPointer *WithOptionalFieldsAndMinProperties `json:"withOptionalFieldsAndMinPropertiesAndPointer"`

	// Inline structs are ignored in this linter.
	WithRequiredField                  `json:",inline"`
	WithOptionalField                  `json:",inline"`
	WithRequiredAndOptionalField       `json:",inline"`
	WithOptionalFieldsAndMinProperties `json:",inline"`
	WithRequiredFieldEmbedded          `json:""`
	WithOptionalFieldEmbedded          `json:""`
}

type WithRequiredField struct {
	// +required
	RequiredField string `json:"requiredField"`
}

type WithOptionalField struct {
	// +optional
	OptionalField string `json:"optionalField"`
}

type WithRequiredAndOptionalField struct {
	// +k8s:required
	RequiredField string `json:"requiredField"`
	// +k8s:optional
	OptionalField string `json:"optionalField"`
}

// +kubebuilder:validation:MinProperties=1
type WithOptionalFieldsAndMinProperties struct {
	// +k8s:optional
	OptionalField string `json:"optionalField"`
}

type WithRequiredFieldEmbedded struct {
	// +required
	RequiredField string `json:"requiredField"`
}

type WithOptionalFieldEmbedded struct {
	// +optional
	OptionalField string `json:"optionalField"`
}

// +kubebuilder:validation:ExactlyOneOf=[a;b]
type WithKubebuilderExactlyOneOfUnion struct {
	// +optional
	A string `json:"a,omitempty"`
	// +optional
	B string `json:"b,omitempty"`
}

// +kubebuilder:validation:AtLeastOneOf=[a;b]
type WithKubebuilderAtLeastOneOfUnion struct {
	// +optional
	A string `json:"a,omitempty"`
	// +optional
	B string `json:"b,omitempty"`
}

type WithDVUnion struct {
	// +k8s:optional
	// +k8s:unionMember
	A string `json:"a,omitempty"`
	// +k8s:optional
	// +k8s:unionMember
	B string `json:"b,omitempty"`
}

type WithDVDiscriminatedUnion struct {
	// +k8s:unionDiscriminator
	Type string `json:"type"`
	// +k8s:optional
	// +k8s:unionMember
	A string `json:"a,omitempty"`
	// +k8s:optional
	// +k8s:unionMember
	B string `json:"b,omitempty"`
}
