package a

type TestStrings struct {
	String string `json:"string"`

	StringWithOmitEmpty *string `json:"stringWithOmitEmpty,omitempty"` // want "field TestStrings.StringWithOmitEmpty has a valid zero value \\(\"\"\\), but the validation is not complete \\(e.g. minimum length\\). The field should be a pointer to allow the zero value to be set. If the zero value is not a valid use case, complete the validation and remove the pointer."

	StringPtr string `json:"stringPtr"` // want "field TestStrings.StringPtr does not have omitempty and allows the zero value. The field does not need to be a pointer."

	StringPtrWithOmitEmpty *string `json:"stringPtrWithOmitEmpty,omitempty"`

	// +kubebuilder:validation:MinLength=1
	StringWithMinLength string `json:"stringWithMinLength,omitempty"` // want "field TestStrings.StringWithMinLength does not allow the zero value. It must have the omitempty tag."

	// +kubebuilder:validation:MinLength=1
	StringWithMinLengthWithOmitEmpty string `json:"stringWithMinLengthWithOmitEmpty,omitempty"`

	// +kubebuilder:validation:MinLength=1
	StringPtrWithMinLength string `json:"stringPtrWithMinLength,omitempty"` // want "field TestStrings.StringPtrWithMinLength does not allow the zero value. It must have the omitempty tag." "field TestStrings.StringPtrWithMinLength does not allow the zero value. The field does not need to be a pointer."

	// +kubebuilder:validation:MinLength=1
	StringPtrWithMinLengthWithOmitEmpty string `json:"stringPtrWithMinLengthWithOmitEmpty,omitempty"` // want "field TestStrings.StringPtrWithMinLengthWithOmitEmpty does not allow the zero value. The field does not need to be a pointer."

	// +kubebuilder:validation:MinLength=0
	StringWithMinLength0 string `json:"stringWithMinLength0"`

	// +kubebuilder:validation:MinLength=0
	StringWithMinLength0WithOmitEmpty *string `json:"stringWithMinLength0WithOmitEmpty,omitempty"` // want "field TestStrings.StringWithMinLength0WithOmitEmpty has a valid zero value \\(\"\"\\) and should be a pointer."

	// +kubebuilder:validation:MinLength=0
	StringPtrWithMinLength0 string `json:"stringPtrWithMinLength0"` // want "field TestStrings.StringPtrWithMinLength0 does not have omitempty and allows the zero value. The field does not need to be a pointer."

	// +kubebuilder:validation:MinLength=0
	StringPtrWithMinLength0WithOmitEmpty *string `json:"stringPtrWithMinLength0WithOmitEmpty,omitempty"`

	// +kubebuilder:validation:Enum=a;b;c
	EnumString string `json:"enumString,omitempty"` // want "field TestStrings.EnumString does not allow the zero value. It must have the omitempty tag."

	// +kubebuilder:validation:Enum=a;b;c
	EnumStringWithOmitEmpty string `json:"enumStringWithOmitEmpty,omitempty"`

	// +kubebuilder:validation:Enum=a;b;c
	EnumStringPtr string `json:"enumStringPtr,omitempty"` // want "field TestStrings.EnumStringPtr does not allow the zero value. It must have the omitempty tag." "field TestStrings.EnumStringPtr does not allow the zero value. The field does not need to be a pointer."

	// +kubebuilder:validation:Enum=a;b;c
	EnumStringPtrWithOmitEmpty string `json:"enumStringPtrWithOmitEmpty,omitempty"` // want "field TestStrings.EnumStringPtrWithOmitEmpty does not allow the zero value. The field does not need to be a pointer."

	// +kubebuilder:validation:Enum=a;b;c;""
	EnumValidEmptytring string `json:"enumValidEmptytring"`

	// +kubebuilder:validation:Enum=a;b;c;""
	EnumValidEmptyStringWithOmitEmpty *string `json:"enumValidEmptyStringWithOmitEmpty,omitempty"` // want "field TestStrings.EnumValidEmptyStringWithOmitEmpty has a valid zero value \\(\"\"\\) and should be a pointer."

	// +kubebuilder:validation:Enum=a;b;c;""
	EnumValidEmptyStringPtr string `json:"enumValidEmptyStringPtr"` // want "field TestStrings.EnumValidEmptyStringPtr does not have omitempty and allows the zero value. The field does not need to be a pointer."

	// +kubebuilder:validation:Enum=a;b;c;""
	EnumValidEmptyStringPtrWithOmitEmpty *string `json:"enumValidEmptyStringPtrWithOmitEmpty,omitempty"`
}
