package a

type TestStructs struct {
	// StructWithAllOptionalFields has a zero value of {}, which is valid because all fields are optional.

	StructWithAllOptionalFields StructWithAllOptionalFields `json:"structWithAllOptionalFields"`

	StructWithAllOptionalFieldsWithOmitEmpty *StructWithAllOptionalFields `json:"structWithAllOptionalFieldsWithOmitEmpty,omitempty"` // want "field StructWithAllOptionalFieldsWithOmitEmpty has a valid zero value \\({}\\), but the validation is not complete \\(e.g. min properties/adding required fields\\). The field should be a pointer to allow the zero value to be set. If the zero value is not a valid use case, complete the validation and remove the pointer."

	StructPtrWithAllOptionalFields StructWithAllOptionalFields `json:"structPtrWithAllOptionalFields"` // want "field StructPtrWithAllOptionalFields does not have omitempty and allows the zero value. The field does not need to be a pointer."

	StructPtrWithAllOptionalFieldsWithOmitEmpty *StructWithAllOptionalFields `json:"structPtrWithAllOptionalFieldsWithOmitEmpty,omitempty"`

	// StructWithMinProperties has a zero value of {}, which is not valid because the MinProperties marker is not satisfied.

	StructWithMinProperties *StructWithMinProperties `json:"structWithMinProperties,omitempty"` // want "field StructWithMinProperties does not allow the zero value. It must have the omitempty tag." "field StructWithMinProperties has a valid zero value \\({}\\) and should be a pointer."

	StructWithMinPropertiesWithOmitEmpty *StructWithMinProperties `json:"structWithMinPropertiesWithOmitEmpty,omitempty"` // want "field StructWithMinPropertiesWithOmitEmpty has a valid zero value \\({}\\) and should be a pointer."

	StructPtrWithMinProperties *StructWithMinProperties `json:"structPtrWithMinProperties,omitempty"` // want "field StructPtrWithMinProperties does not allow the zero value. It must have the omitempty tag."

	StructPtrWithMinPropertiesWithOmitEmpty *StructWithMinProperties `json:"structPtrWithMinPropertiesWithOmitEmpty,omitempty"`

	// StructWithNonOmittedFields has a zero value of {"string":"", "int":0}, which is valid because all fields are required.

	StructWithNonOmittedFields StructWithNonOmittedFields `json:"structWithNonOmittedFields"`

	StructWithNonOmittedFieldsWithOmitEmpty *StructWithNonOmittedFields `json:"structWithNonOmittedFieldsWithOmitEmpty,omitempty"` // want "field StructWithNonOmittedFieldsWithOmitEmpty has a valid zero value \\({\"string\": \"\", \"int\": 0}\\) and should be a pointer."

	StructPtrWithNonOmittedFields StructWithNonOmittedFields `json:"structPtrWithNonOmittedFields"` // want "field StructPtrWithNonOmittedFields does not have omitempty and allows the zero value. The field does not need to be a pointer."

	StructPtrWithNonOmittedFieldsWithOmitEmpty *StructWithNonOmittedFields `json:"structPtrWithNonOmittedFieldsWithOmitEmpty,omitempty"`

	// StructWithNonOmittedFieldsAndMinProperties has a zero value of {"string":"", "int":0}, which is valid because the MinProperties marker is satisfied.

	StructWithNonOmittedFieldsAndMinProperties StructWithNonOmittedFieldsAndMinProperties `json:"structWithOneNonOmittedFieldAndMinProperties"`

	StructWithNonOmittedFieldsAndMinPropertiesWithOmitEmpty *StructWithNonOmittedFieldsAndMinProperties `json:"structWithOneNonOmittedFieldAndMinPropertiesAndOmitEmpty,omitempty"` // want "field StructWithNonOmittedFieldsAndMinPropertiesWithOmitEmpty has a valid zero value \\({\"string\": \"\", \"int\": 0}\\) and should be a pointer."

	StructPtrWithNonOmittedFieldsAndMinProperties StructWithNonOmittedFieldsAndMinProperties `json:"structPtrWithNonOmittedFieldsAndMinProperties"` // want "field StructPtrWithNonOmittedFieldsAndMinProperties does not have omitempty and allows the zero value. The field does not need to be a pointer."

	StructPtrWithNonOmittedFieldsAndMinPropertiesWithOmitEmpty *StructWithNonOmittedFieldsAndMinProperties `json:"structPtrWithNonOmittedFieldsAndMinPropertiesWithOmitEmpty,omitempty"`

	// StructWithOneNonOmittedFieldAndMinProperties has a zero value of {"string":""}, which is not valid because the MinProperties marker is not satisfied.

	StructWithOneNonOmittedFieldAndMinProperties *StructWithOneNonOmittedFieldAndMinProperties `json:"structWithOneNonOmittedFieldAndMinPropertiesAndOmitEmpty,omitempty"` // want "field StructWithOneNonOmittedFieldAndMinProperties does not allow the zero value. It must have the omitempty tag." "field StructWithOneNonOmittedFieldAndMinProperties has a valid zero value \\({\"string\": \"\"}\\) and should be a pointer."

	StructWithOneNonOmittedFieldAndMinPropertiesWithOmitEmpty *StructWithOneNonOmittedFieldAndMinProperties `json:"structWithOneNonOmittedFieldAndMinPropertiesAndOmitEmpty,omitempty"` // want "field StructWithOneNonOmittedFieldAndMinPropertiesWithOmitEmpty has a valid zero value \\({\"string\": \"\"}\\) and should be a pointer."

	StructPtrWithOneNonOmittedFieldAndMinProperties *StructWithOneNonOmittedFieldAndMinProperties `json:"structPtrWithOneNonOmittedFieldAndMinProperties,omitempty"` // want "field StructPtrWithOneNonOmittedFieldAndMinProperties does not allow the zero value. It must have the omitempty tag."

	StructPtrWithOneNonOmittedFieldAndMinPropertiesWithOmitEmpty *StructWithOneNonOmittedFieldAndMinProperties `json:"structPtrWithOneNonOmittedFieldAndMinPropertiesWithOmitEmpty,omitempty"`

	// StructWithOmittedRequiredField has a zero value of {}, which is not valid because the required marker is not satisfied.

	StructWithOmittedRequiredField *StructWithOmittedRequiredField `json:"structWithOmittedRequiredField,omitempty"` // want "field StructWithOmittedRequiredField does not allow the zero value. It must have the omitempty tag." "field StructWithOmittedRequiredField has a valid zero value \\({}\\) and should be a pointer."

	StructWithOmittedRequiredFieldWithOmitEmpty *StructWithOmittedRequiredField `json:"structWithOmittedRequiredFieldWithOmitEmpty,omitempty"` // want "field StructWithOmittedRequiredFieldWithOmitEmpty has a valid zero value \\({}\\) and should be a pointer."

	StructPtrWithOmittedRequiredField *StructWithOmittedRequiredField `json:"structPtrWithOmittedRequiredField,omitempty"` // want "field StructPtrWithOmittedRequiredField does not allow the zero value. It must have the omitempty tag."

	StructPtrWithOmittedRequiredFieldWithOmitEmpty *StructWithOmittedRequiredField `json:"structPtrWithOmittedRequiredFieldWithOmitEmpty,omitempty"`
}

type StructWithAllOptionalFields struct {
	// +optional
	String *string `json:"string,omitempty"` // want "field String has a valid zero value \\(\"\"\\), but the validation is not complete \\(e.g. minimum length\\). The field should be a pointer to allow the zero value to be set. If the zero value is not a valid use case, complete the validation and remove the pointer."

	// +optional
	StringPtr *string `json:"stringPtr,omitempty"`

	// +optional
	Int *int `json:"int,omitempty"` // want "field Int has a valid zero value \\(0\\), but the validation is not complete \\(e.g. minimum/maximum\\). The field should be a pointer to allow the zero value to be set. If the zero value is not a valid use case, complete the validation and remove the pointer."

	// +optional
	IntPtr *int `json:"intPtr,omitempty"`
}

// +kubebuilder:validation:MinProperties=1
type StructWithMinProperties struct {
	// +kubebuilder:validation:MinProperties=1
	// +optional
	Map map[string]string `json:"map,omitempty"`
}

type StructWithNonOmittedFields struct {
	// +required
	String string `json:"string"`

	// +required
	Int int32 `json:"int"`
}

// Struct with non-omitted fields and minProperties marker.
// Because there is no omitempty, and the zero values are valid, the zero value here is `{"string:"", "int":0}`.
// This means the MinProperties marker is satisfied even when the object is the zero value.
// +kubebuilder:validation:MinProperties=2
type StructWithNonOmittedFieldsAndMinProperties struct {
	// +required
	String string `json:"string"`

	// +required
	Int int32 `json:"int"`
}

// Struct with one non-omitted field, and one omitted field and minProperties marker.
// The zero value of the struct is `{"string:""}` which is not valid because it does not satisfy the MinProperties marker.
// +kubebuilder:validation:MinProperties=2
type StructWithOneNonOmittedFieldAndMinProperties struct {
	// +required
	String string `json:"string"`

	// +optional
	Int *int32 `json:"int,omitempty"` // want "field Int has a valid zero value \\(0\\), but the validation is not complete \\(e.g. minimum/maximum\\). The field should be a pointer to allow the zero value to be set. If the zero value is not a valid use case, complete the validation and remove the pointer."
}

// Struct with an omitted required field.
// The zero value of the struct is `{}` which is not valid because it does not satisfy the required marker on the string field.
type StructWithOmittedRequiredField struct {
	// +required
	String *string `json:"string,omitempty"` // want "field String has a valid zero value \\(\"\"\\), but the validation is not complete \\(e.g. minimum length\\). The field should be a pointer to allow the zero value to be set. If the zero value is not a valid use case, complete the validation and remove the pointer."
}
