package a

type TestStructs struct {
	// StructWithAllOptionalFields has a zero value of {}, which is valid because all fields are optional.

	StructWithAllOptionalFields *StructWithAllOptionalFields `json:"structWithAllOptionalFields,omitempty"` // want "field StructWithAllOptionalFields should have the omitempty tag." "field StructWithAllOptionalFields should be a pointer."

	StructWithAllOptionalFieldsWithOmitEmpty *StructWithAllOptionalFields `json:"structWithAllOptionalFieldsWithOmitEmpty,omitempty"` // want "field StructWithAllOptionalFieldsWithOmitEmpty should be a pointer."

	StructPtrWithAllOptionalFields *StructWithAllOptionalFields `json:"structPtrWithAllOptionalFields,omitempty"` // want "field StructPtrWithAllOptionalFields should have the omitempty tag."

	StructPtrWithAllOptionalFieldsWithOmitEmpty *StructWithAllOptionalFields `json:"structPtrWithAllOptionalFieldsWithOmitEmpty,omitempty"`

	// StructWithMinProperties has a zero value of {}, which is not valid because the MinProperties marker is not satisfied.

	StructWithMinProperties *StructWithMinProperties `json:"structWithMinProperties,omitempty"` // want "field StructWithMinProperties should have the omitempty tag." "field StructWithMinProperties should be a pointer."

	StructWithMinPropertiesWithOmitEmpty *StructWithMinProperties `json:"structWithMinPropertiesWithOmitEmpty,omitempty"` // want "field StructWithMinPropertiesWithOmitEmpty should be a pointer."

	StructPtrWithMinProperties *StructWithMinProperties `json:"structPtrWithMinProperties,omitempty"` // want "field StructPtrWithMinProperties should have the omitempty tag."

	StructPtrWithMinPropertiesWithOmitEmpty *StructWithMinProperties `json:"structPtrWithMinPropertiesWithOmitEmpty,omitempty"`

	// StructWithNonOmittedFields has a zero value of {"string":"", "int":0}, which is valid because all fields are required.

	StructWithNonOmittedFields *StructWithNonOmittedFields `json:"structWithNonOmittedFields,omitempty"` // want "field StructWithNonOmittedFields should have the omitempty tag." "field StructWithNonOmittedFields should be a pointer."

	StructWithNonOmittedFieldsWithOmitEmpty *StructWithNonOmittedFields `json:"structWithNonOmittedFieldsWithOmitEmpty,omitempty"` // want "field StructWithNonOmittedFieldsWithOmitEmpty should be a pointer."

	StructPtrWithNonOmittedFields *StructWithNonOmittedFields `json:"structPtrWithNonOmittedFields,omitempty"` // want "field StructPtrWithNonOmittedFields should have the omitempty tag."

	StructPtrWithNonOmittedFieldsWithOmitEmpty *StructWithNonOmittedFields `json:"structPtrWithNonOmittedFieldsWithOmitEmpty,omitempty"`

	// StructWithNonOmittedFieldsAndMinProperties has a zero value of {"string":"", "int":0}, which is valid because the MinProperties marker is satisfied.

	StructWithNonOmittedFieldsAndMinProperties *StructWithNonOmittedFieldsAndMinProperties `json:"structWithOneNonOmittedFieldAndMinProperties,omitempty"` // want "field StructWithNonOmittedFieldsAndMinProperties should have the omitempty tag." "field StructWithNonOmittedFieldsAndMinProperties should be a pointer."

	StructWithNonOmittedFieldsAndMinPropertiesWithOmitEmpty *StructWithNonOmittedFieldsAndMinProperties `json:"structWithOneNonOmittedFieldAndMinPropertiesAndOmitEmpty,omitempty"` // want "field StructWithNonOmittedFieldsAndMinPropertiesWithOmitEmpty should be a pointer."

	StructPtrWithNonOmittedFieldsAndMinProperties *StructWithNonOmittedFieldsAndMinProperties `json:"structPtrWithNonOmittedFieldsAndMinProperties,omitempty"` // want "field StructPtrWithNonOmittedFieldsAndMinProperties should have the omitempty tag."

	StructPtrWithNonOmittedFieldsAndMinPropertiesWithOmitEmpty *StructWithNonOmittedFieldsAndMinProperties `json:"structPtrWithNonOmittedFieldsAndMinPropertiesWithOmitEmpty,omitempty"`

	// StructWithOneNonOmittedFieldAndMinProperties has a zero value of {"string":""}, which is not valid because the MinProperties marker is not satisfied.

	StructWithOneNonOmittedFieldAndMinProperties *StructWithOneNonOmittedFieldAndMinProperties `json:"structWithOneNonOmittedFieldAndMinPropertiesAndOmitEmpty,omitempty"` // want "field StructWithOneNonOmittedFieldAndMinProperties should have the omitempty tag." "field StructWithOneNonOmittedFieldAndMinProperties should be a pointer."

	StructWithOneNonOmittedFieldAndMinPropertiesWithOmitEmpty *StructWithOneNonOmittedFieldAndMinProperties `json:"structWithOneNonOmittedFieldAndMinPropertiesAndOmitEmpty,omitempty"` // want "field StructWithOneNonOmittedFieldAndMinPropertiesWithOmitEmpty should be a pointer."

	StructPtrWithOneNonOmittedFieldAndMinProperties *StructWithOneNonOmittedFieldAndMinProperties `json:"structPtrWithOneNonOmittedFieldAndMinProperties,omitempty"` // want "field StructPtrWithOneNonOmittedFieldAndMinProperties should have the omitempty tag."

	StructPtrWithOneNonOmittedFieldAndMinPropertiesWithOmitEmpty *StructWithOneNonOmittedFieldAndMinProperties `json:"structPtrWithOneNonOmittedFieldAndMinPropertiesWithOmitEmpty,omitempty"`

	// StructWithOmittedRequiredField has a zero value of {}, which is not valid because the required marker is not satisfied.

	StructWithOmittedRequiredField *StructWithOmittedRequiredField `json:"structWithOmittedRequiredField,omitempty"` // want "field StructWithOmittedRequiredField should have the omitempty tag." "field StructWithOmittedRequiredField should be a pointer."

	StructWithOmittedRequiredFieldWithOmitEmpty *StructWithOmittedRequiredField `json:"structWithOmittedRequiredFieldWithOmitEmpty,omitempty"` // want "field StructWithOmittedRequiredFieldWithOmitEmpty should be a pointer."

	StructPtrWithOmittedRequiredField *StructWithOmittedRequiredField `json:"structPtrWithOmittedRequiredField,omitempty"` // want "field StructPtrWithOmittedRequiredField should have the omitempty tag."

	StructPtrWithOmittedRequiredFieldWithOmitEmpty *StructWithOmittedRequiredField `json:"structPtrWithOmittedRequiredFieldWithOmitEmpty,omitempty"`
}

type StructWithAllOptionalFields struct {
	// +optional
	String *string `json:"string,omitempty"` // want "field String should be a pointer."

	// +optional
	StringPtr *string `json:"stringPtr,omitempty"`

	// +optional
	Int *int `json:"int,omitempty"` // want "field Int should be a pointer."

	// +optional
	IntPtr *int `json:"intPtr,omitempty"`
}

// +kubebuilder:validation:MinProperties=1
type StructWithMinProperties struct {
	// +kubebuilder:validation:MinProperties=1
	// +optional
	Map map[string]string `json:"map,omitempty"`
}

type StructWithNonOmittedFields struct {
	// +required
	String *string `json:"string,omitempty"` // want "field String should be a pointer." "field String should have the omitempty tag."

	// +required
	Int *int32 `json:"int,omitempty"` // want "field Int should be a pointer." "field Int should have the omitempty tag."
}

// Struct with non-omitted fields and minProperties marker.
// Because there is no omitempty, and the zero values are valid, the zero value here is `{"string:"", "int":0}`.
// This means the MinProperties marker is satisfied even when the object is the zero value.
// +kubebuilder:validation:MinProperties=2
type StructWithNonOmittedFieldsAndMinProperties struct {
	// +required
	String *string `json:"string,omitempty"` // want "field String should be a pointer." "field String should have the omitempty tag."

	// +required
	Int *int32 `json:"int,omitempty"` // want "field Int should be a pointer." "field Int should have the omitempty tag."
}

// Struct with one non-omitted field, and one omitted field and minProperties marker.
// The zero value of the struct is `{"string:""}` which is not valid because it does not satisfy the MinProperties marker.
// +kubebuilder:validation:MinProperties=2
type StructWithOneNonOmittedFieldAndMinProperties struct {
	// +required
	String *string `json:"string,omitempty"` // want "field String should be a pointer." "field String should have the omitempty tag."

	// +optional
	Int *int32 `json:"int,omitempty"` // want "field Int should be a pointer."
}

// Struct with an omitted required field.
// The zero value of the struct is `{}` which is not valid because it does not satisfy the required marker on the string field.
type StructWithOmittedRequiredField struct {
	// +required
	String *string `json:"string,omitempty"` // want "field String should be a pointer."
}
