package a

type TestArrays struct {
	Array []string `json:"array,omitempty"` // want "field TestArrays.Array should have the omitempty tag."

	ArrayWithOmitEmpty []string `json:"arrayWithOmitEmpty,omitempty"`

	ArrayPtr []*string `json:"arrayPtr,omitempty"` // want "field TestArrays.ArrayPtr should have the omitempty tag."

	ArrayWithOmitEmptyPtr []*string `json:"arrayWithOmitEmptyPtr,omitempty"`

	// +kubebuilder:validation:MinItems=1
	ArrayWithPositiveMinItems []string `json:"arrayWithPositiveMinItems,omitempty"` // want "field TestArrays.ArrayWithPositiveMinItems should have the omitempty tag."

	// +kubebuilder:validation:MinItems=1
	ArrayWithPositiveMinItemsWithOmitEmpty []string `json:"arrayWithPositiveMinItemsWithOmitEmpty,omitempty"`

	// +kubebuilder:validation:MinItems=0
	ArrayWithZeroMinItems []string `json:"arrayWithZeroMinItems,omitempty"` // want "field TestArrays.ArrayWithZeroMinItems should have the omitempty tag."

	// +kubebuilder:validation:MinItems=0
	ArrayWithZeroMinItemsWithOmitEmpty []string `json:"arrayWithZeroMinItemsWithOmitEmpty,omitempty"`

	ByteArray []byte `json:"byteArray,omitempty"` // want "field TestArrays.ByteArray should have the omitempty tag."

	ByteArrayWithOmitEmpty []byte `json:"byteArrayWithOmitEmpty,omitempty"`

	// +kubebuilder:validation:MinLength=1
	ByteArrayWithMinLength []byte `json:"byteArrayWithMinLength,omitempty"` // want "field TestArrays.ByteArrayWithMinLength should have the omitempty tag."

	// +kubebuilder:validation:MinLength=1
	ByteArrayWithMinLengthWithOmitEmpty []byte `json:"byteArrayWithMinLengthWithOmitEmpty,omitempty"`

	// +kubebuilder:validation:MinLength=0
	ByteArrayWithMinLength0 []byte `json:"byteArrayWithMinLength0,omitempty"` // want "field TestArrays.ByteArrayWithMinLength0 should have the omitempty tag."

	// +kubebuilder:validation:MinLength=0
	ByteArrayWithMinLength0WithOmitEmpty []byte `json:"byteArrayWithMinLength0WithOmitEmpty,omitempty"`

	PtrArray []string `json:"ptrArray,omitempty"` // want "field TestArrays.PtrArray should have the omitempty tag." "field TestArrays.PtrArray underlying type does not need to be a pointer. The pointer should be removed."

	PtrArrayWithOmitEmpty []string `json:"ptrArrayWithOmitEmpty,omitempty"` // want "field TestArrays.PtrArrayWithOmitEmpty underlying type does not need to be a pointer. The pointer should be removed."
}
